tests/style/spaces/spaces3.c:3: ERROR: spaces required around that '=' (ctx:VxV)
tests/style/spaces/spaces3.c:4: ERROR: spaces required around that '=' (ctx:VxW)
tests/style/spaces/spaces3.c:5: ERROR: spaces required around that '=' (ctx:WxV)
tests/style/spaces/spaces3.c:7: ERROR: spaces preferred around that '+' (ctx:VxV)
tests/style/spaces/spaces3.c:8: ERROR: spaces preferred around that '+' (ctx:VxW)
tests/style/spaces/spaces3.c:9: ERROR: spaces preferred around that '+' (ctx:WxV)
tests/style/spaces/spaces3.c:11: ERROR: spaces preferred around that '-' (ctx:VxV)
tests/style/spaces/spaces3.c:12: ERROR: spaces preferred around that '-' (ctx:VxW)
tests/style/spaces/spaces3.c:13: ERROR: spaces preferred around that '-' (ctx:WxV)
tests/style/spaces/spaces3.c:15: ERROR: spaces required around that '<' (ctx:VxV)
tests/style/spaces/spaces3.c:16: ERROR: spaces required around that '<' (ctx:VxW)
tests/style/spaces/spaces3.c:17: ERROR: spaces required around that '<' (ctx:WxV)
tests/style/spaces/spaces3.c:19: ERROR: spaces required around that '>' (ctx:VxV)
tests/style/spaces/spaces3.c:20: ERROR: spaces required around that '>' (ctx:VxW)
tests/style/spaces/spaces3.c:21: ERROR: spaces required around that '>' (ctx:WxV)
tests/style/spaces/spaces3.c:23: ERROR: spaces preferred around that '*' (ctx:VxV)
tests/style/spaces/spaces3.c:24: ERROR: spaces preferred around that '*' (ctx:VxW)
tests/style/spaces/spaces3.c:25: ERROR: spaces preferred around that '*' (ctx:WxV)
tests/style/spaces/spaces3.c:27: ERROR: spaces preferred around that '/' (ctx:VxV)
tests/style/spaces/spaces3.c:28: ERROR: spaces preferred around that '/' (ctx:VxW)
tests/style/spaces/spaces3.c:29: ERROR: spaces preferred around that '/' (ctx:WxV)
tests/style/spaces/spaces3.c:31: ERROR: spaces preferred around that '%' (ctx:VxV)
tests/style/spaces/spaces3.c:32: ERROR: spaces preferred around that '%' (ctx:VxW)
tests/style/spaces/spaces3.c:33: ERROR: spaces preferred around that '%' (ctx:WxV)
tests/style/spaces/spaces3.c:35: ERROR: spaces preferred around that '%' (ctx:VxV)
tests/style/spaces/spaces3.c:36: ERROR: spaces preferred around that '%' (ctx:VxW)
tests/style/spaces/spaces3.c:37: ERROR: spaces preferred around that '%' (ctx:WxV)
tests/style/spaces/spaces3.c:42: ERROR: spaces preferred around that '|' (ctx:VxV)
tests/style/spaces/spaces3.c:43: ERROR: spaces preferred around that '|' (ctx:VxW)
tests/style/spaces/spaces3.c:44: ERROR: spaces preferred around that '|' (ctx:WxV)
tests/style/spaces/spaces3.c:46: ERROR: spaces preferred around that '&' (ctx:VxV)
tests/style/spaces/spaces3.c:47: ERROR: spaces preferred around that '&' (ctx:VxW)
tests/style/spaces/spaces3.c:48: ERROR: spaces preferred around that '&' (ctx:WxV)
tests/style/spaces/spaces3.c:50: ERROR: spaces preferred around that '^' (ctx:VxV)
tests/style/spaces/spaces3.c:51: ERROR: spaces preferred around that '^' (ctx:VxW)
tests/style/spaces/spaces3.c:52: ERROR: spaces preferred around that '^' (ctx:WxV)
tests/style/spaces/spaces3.c:54: ERROR: spaces required around that '<=' (ctx:VxV)
tests/style/spaces/spaces3.c:55: ERROR: spaces required around that '<=' (ctx:VxW)
tests/style/spaces/spaces3.c:56: ERROR: spaces required around that '<=' (ctx:WxV)
tests/style/spaces/spaces3.c:58: ERROR: spaces required around that '>=' (ctx:VxV)
tests/style/spaces/spaces3.c:59: ERROR: spaces required around that '>=' (ctx:VxW)
tests/style/spaces/spaces3.c:60: ERROR: spaces required around that '>=' (ctx:WxV)
tests/style/spaces/spaces3.c:62: ERROR: spaces required around that '==' (ctx:VxV)
tests/style/spaces/spaces3.c:63: ERROR: spaces required around that '==' (ctx:VxW)
tests/style/spaces/spaces3.c:64: ERROR: spaces required around that '==' (ctx:WxV)
tests/style/spaces/spaces3.c:66: ERROR: spaces required around that '!=' (ctx:VxV)
tests/style/spaces/spaces3.c:67: ERROR: spaces required around that '!=' (ctx:VxW)
tests/style/spaces/spaces3.c:68: ERROR: spaces required around that '!=' (ctx:WxV)
tests/style/spaces/spaces3.c:73: ERROR: spaces preferred around that '<<' (ctx:VxV)
tests/style/spaces/spaces3.c:74: ERROR: spaces preferred around that '<<' (ctx:VxW)
tests/style/spaces/spaces3.c:75: ERROR: spaces preferred around that '<<' (ctx:WxV)
tests/style/spaces/spaces3.c:77: ERROR: spaces preferred around that '>>' (ctx:VxV)
tests/style/spaces/spaces3.c:78: ERROR: spaces preferred around that '>>' (ctx:VxW)
tests/style/spaces/spaces3.c:79: ERROR: spaces preferred around that '>>' (ctx:WxV)
tests/style/spaces/spaces3.c:84: ERROR: spaces required around that '?' (ctx:VxV)
tests/style/spaces/spaces3.c:84: ERROR: spaces required around that ':' (ctx:VxV)
tests/style/spaces/spaces3.c:85: ERROR: spaces required around that '?' (ctx:VxW)
tests/style/spaces/spaces3.c:85: ERROR: spaces required around that ':' (ctx:VxV)
tests/style/spaces/spaces3.c:86: ERROR: spaces required around that '?' (ctx:WxV)
tests/style/spaces/spaces3.c:86: ERROR: spaces required around that ':' (ctx:VxV)
tests/style/spaces/spaces3.c:87: ERROR: spaces required around that '?' (ctx:VxV)
tests/style/spaces/spaces3.c:87: ERROR: spaces required around that ':' (ctx:VxW)
tests/style/spaces/spaces3.c:88: ERROR: spaces required around that '?' (ctx:VxV)
tests/style/spaces/spaces3.c:88: ERROR: spaces required around that ':' (ctx:WxV)
tests/style/spaces/spaces3.c:89: ERROR: spaces required around that '?' (ctx:VxW)
tests/style/spaces/spaces3.c:89: ERROR: spaces required around that ':' (ctx:VxW)
tests/style/spaces/spaces3.c:90: ERROR: spaces required around that '?' (ctx:VxW)
tests/style/spaces/spaces3.c:90: ERROR: spaces required around that ':' (ctx:WxV)
tests/style/spaces/spaces3.c:91: ERROR: spaces required around that '?' (ctx:WxV)
tests/style/spaces/spaces3.c:91: ERROR: spaces required around that ':' (ctx:VxW)
tests/style/spaces/spaces3.c:92: ERROR: spaces required around that '?' (ctx:WxV)
tests/style/spaces/spaces3.c:92: ERROR: spaces required around that ':' (ctx:WxV)
tests/style/spaces/spaces3.c:97: ERROR: spaces required around that '+=' (ctx:VxV)
tests/style/spaces/spaces3.c:98: ERROR: spaces required around that '+=' (ctx:VxW)
tests/style/spaces/spaces3.c:99: ERROR: spaces required around that '+=' (ctx:WxV)
tests/style/spaces/spaces3.c:101: ERROR: spaces required around that '-=' (ctx:VxV)
tests/style/spaces/spaces3.c:102: ERROR: spaces required around that '-=' (ctx:VxW)
tests/style/spaces/spaces3.c:103: ERROR: spaces required around that '-=' (ctx:WxV)
tests/style/spaces/spaces3.c:105: ERROR: spaces required around that '*=' (ctx:VxV)
tests/style/spaces/spaces3.c:106: ERROR: spaces required around that '*=' (ctx:VxW)
tests/style/spaces/spaces3.c:107: ERROR: spaces required around that '*=' (ctx:WxV)
tests/style/spaces/spaces3.c:109: ERROR: spaces required around that '/=' (ctx:VxV)
tests/style/spaces/spaces3.c:110: ERROR: spaces required around that '/=' (ctx:VxW)
tests/style/spaces/spaces3.c:111: ERROR: spaces required around that '/=' (ctx:WxV)
tests/style/spaces/spaces3.c:113: ERROR: spaces required around that '%=' (ctx:VxV)
tests/style/spaces/spaces3.c:114: ERROR: spaces required around that '%=' (ctx:VxW)
tests/style/spaces/spaces3.c:115: ERROR: spaces required around that '%=' (ctx:WxV)
tests/style/spaces/spaces3.c:117: ERROR: spaces required around that '&=' (ctx:VxV)
tests/style/spaces/spaces3.c:118: ERROR: spaces required around that '&=' (ctx:VxW)
tests/style/spaces/spaces3.c:119: ERROR: spaces required around that '&=' (ctx:WxV)
tests/style/spaces/spaces3.c:121: ERROR: spaces required around that '|=' (ctx:VxV)
tests/style/spaces/spaces3.c:122: ERROR: spaces required around that '|=' (ctx:VxW)
tests/style/spaces/spaces3.c:123: ERROR: spaces required around that '|=' (ctx:WxV)
tests/style/spaces/spaces3.c:125: ERROR: spaces required around that '^=' (ctx:VxV)
tests/style/spaces/spaces3.c:126: ERROR: spaces required around that '^=' (ctx:VxW)
tests/style/spaces/spaces3.c:127: ERROR: spaces required around that '^=' (ctx:WxV)
tests/style/spaces/spaces3.c:129: ERROR: spaces required around that '>>=' (ctx:VxV)
tests/style/spaces/spaces3.c:130: ERROR: spaces required around that '>>=' (ctx:VxW)
tests/style/spaces/spaces3.c:131: ERROR: spaces required around that '>>=' (ctx:WxV)
tests/style/spaces/spaces3.c:133: ERROR: spaces required around that '<<=' (ctx:VxV)
tests/style/spaces/spaces3.c:134: ERROR: spaces required around that '<<=' (ctx:VxW)
tests/style/spaces/spaces3.c:135: ERROR: spaces required around that '<<=' (ctx:WxV)
total: 102 errors, 0 warnings, 136 lines checked
