tests/style/headers/headers2.c:1: WARNING: externs should be avoided in .c files
tests/style/headers/headers2.c:2: WARNING: externs should be avoided in .c files
tests/style/headers/headers2.c:4: WARNING: typedefs should be avoided in .c files
tests/style/headers/headers2.c:6: WARNING: struct definition should be avoided in .c files
tests/style/headers/headers2.c:11: WARNING: enum definition should be avoided in .c files
tests/style/headers/headers2.c:17: WARNING: union definition should be avoided in .c files
total: 0 errors, 6 warnings, 32 lines checked
